exports[`App App renders without crashing 1`] = `
<div
  className="App">
  <div
    className="App-header">
    <h2>
      Welcome to React
    </h2>
    <img
      alt="logo"
      className="App-logo"
      src="logo.svg" />
  </div>
  <p
    className="App=intro">
    Welcome to App!
  </p>
</div>
`;
